// Jest Snapshot v1, https://goo.gl/fbAQLP

exports[`Content objects Simple content object can be created and compiled 1`] = `
{
  "application/json": {
    "schema": {
      "example": "foo",
      "type": "string",
    },
  },
}
`;
