// Jest Snapshot v1, https://goo.gl/fbAQLP

exports[`Parameters Add path parameter with schema 1`] = `
Object {
  "in": "path",
  "name": "bagType",
  "schema": Object {
    "application/json": Object {
      "schema": Object {
        "enum": Array [
          "backpack",
          "duffel",
        ],
        "type": "string",
      },
    },
  },
}
`;
